Query was executed successfully
Query was executed successfully
Query was executed successfully
Query was executed successfully
0	8
0	40
0	0
